Calculating task graph as configuration cache cannot be reused because the file system entry '.gradle\configuration-cache\ac67599e-b603-48b7-9c6f-73e3fbef1513\buildfingerprint7749126095597246001.tmp' has been removed.
./gradlew : The message received from the daemon indicates that the daemon has disappeared.
At line:1 char:1
+ ./gradlew :app:kspDebugKotlin > build_output.txt 2>&1
+ ~~~~~~~~~~~~~~~~~~~~~~~~~~~~~~~~~~~~~~~~~~~~~~~~~~~~~
    + CategoryInfo          : NotSpecified: (The message rec...as disappeared.:String) [], RemoteException
    + FullyQualifiedErrorId : NativeCommandError
 
Build request sent: Build{id=fd054d50-10f0-4574-b5d8-156bb30013cf, currentDir=C:\Users\AuraF\Documents\ReGenesisExodus}
Attempting to read last messages from the daemon log...
Daemon pid: 47200
  log file: C:\Users\AuraF\.gradle\daemon\9.5.0-milestone-1\daemon-47200.out.log
----- Last 20 lines from daemon log file - daemon-47200.out.log -----
2026-02-18T23:53:00.555-0700 [DEBUG] [org.gradle.launcher.daemon.server.DefaultDaemonConnection] thread 483: Received 
non-IO message from client: Build{id=fd054d50-10f0-4574-b5d8-156bb30013cf, 
currentDir=C:\Users\AuraF\Documents\ReGenesisExodus}
2026-02-18T23:53:00.555-0700 [INFO] [org.gradle.launcher.daemon.server.DefaultIncomingConnectionHandler] Received 
command: Build{id=fd054d50-10f0-4574-b5d8-156bb30013cf, currentDir=C:\Users\AuraF\Documents\ReGenesisExodus}.
2026-02-18T23:53:00.556-0700 [DEBUG] [org.gradle.launcher.daemon.server.DefaultIncomingConnectionHandler] Starting 
executing command: Build{id=fd054d50-10f0-4574-b5d8-156bb30013cf, currentDir=C:\Users\AuraF\Documents\ReGenesisExodus} 
with connection: socket connection from /127.0.0.1:54118 to /127.0.0.1:64824.
2026-02-18T23:53:00.559-0700 [DEBUG] [org.gradle.launcher.daemon.server.DaemonStateCoordinator] Command execution: 
started DaemonCommandExecution[command = Build{id=fd054d50-10f0-4574-b5d8-156bb30013cf, 
currentDir=C:\Users\AuraF\Documents\ReGenesisExodus}, connection = DefaultDaemonConnection: socket connection from 
/127.0.0.1:54118 to /127.0.0.1:64824] after 9.745049999999999 minutes of idle
2026-02-18T23:53:00.560-0700 [INFO] [org.gradle.launcher.daemon.server.DaemonRegistryUpdater] Marking the daemon as 
busy, address: [bd83d86e-99c3-4a85-8ac1-d469e6c2ff7b port:54118, addresses:[localhost/127.0.0.1]]
2026-02-18T23:53:00.560-0700 [DEBUG] [org.gradle.launcher.daemon.registry.PersistentDaemonRegistry] Marking busy by 
address: [bd83d86e-99c3-4a85-8ac1-d469e6c2ff7b port:54118, addresses:[localhost/127.0.0.1]]
2026-02-18T23:53:00.562-0700 [DEBUG] [org.gradle.cache.internal.DefaultFileLockManager] Waiting to acquire exclusive 
lock on daemon addresses registry.
2026-02-18T23:53:00.564-0700 [DEBUG] [org.gradle.cache.internal.DefaultFileLockManager] Lock acquired on daemon 
addresses registry.
2026-02-18T23:53:00.568-0700 [DEBUG] [org.gradle.cache.internal.DefaultFileLockManager] Releasing lock on daemon 
addresses registry.
2026-02-18T23:53:00.568-0700 [DEBUG] [org.gradle.launcher.daemon.server.DaemonStateCoordinator] resetting idle timer
2026-02-18T23:53:00.569-0700 [DEBUG] [org.gradle.launcher.daemon.server.DaemonStateCoordinator] daemon is running. 
Sleeping until state changes.
2026-02-18T23:53:00.569-0700 [INFO] [org.gradle.launcher.daemon.server.exec.StartBuildOrRespondWithBusy] Daemon is 
about to start building Build{id=fd054d50-10f0-4574-b5d8-156bb30013cf, 
currentDir=C:\Users\AuraF\Documents\ReGenesisExodus}. Dispatching build started information...
2026-02-18T23:53:00.569-0700 [DEBUG] [org.gradle.launcher.daemon.server.SynchronizedDispatchConnection] thread 485: 
dispatching org.gradle.launcher.daemon.protocol.BuildStarted@37865df4
2026-02-18T23:53:00.576-0700 [DEBUG] [org.gradle.launcher.daemon.server.exec.EstablishBuildEnvironment] Configuring 
env variables: [USERDOMAIN_ROAMINGPROFILE, ANTIGRAVITY_EDITOR_APP_ROOT, NO_PROXY, PROCESSOR_LEVEL, SESSIONNAME, 
ALLUSERSPROFILE, PROCESSOR_ARCHITECTURE, PSModulePath, VSCODE_PID, SystemDrive, DIRNAME, USERNAME, ProgramFiles(x86), 
VSCODE_NLS_CONFIG, CHROME_CRASHPAD_PIPE_NAME, APP_HOME, DEFAULT_JVM_OPTS, PATHEXT, DriverData, 
VSCODE_CRASH_REPORTER_PROCESS_TYPE, OneDriveConsumer, EFC_4636_1592913036, Claudecode, VSCODE_CODE_CACHE_PATH, 
ProgramData, ProgramW6432, HOMEPATH, PROCESSOR_IDENTIFIER, ProgramFiles, PUBLIC, windir, LOCALAPPDATA, 
ChocolateyLastPathUpdate, USERDOMAIN, VSCODE_HANDLES_UNCAUGHT_ERRORS, LOGONSERVER, JAVA_HOME, PROMPT, 
ELECTRON_RUN_AS_NODE, OneDrive, =C:, APPDATA, JAVA_EXE, ChocolateyInstall, CommonProgramFiles, Path, 3DVPATH, 
VSCODE_CWD, OS, COMPUTERNAME, VSCODE_ESM_ENTRYPOINT, PROCESSOR_REVISION, CommonProgramW6432, ComSpec, APP_BASE_NAME, 
SystemRoot, TEMP, HOMEDRIVE, USERPROFILE, TMP, CommonProgramFiles(x86), NUMBER_OF_PROCESSORS, VSCODE_IPC_HOOK]
2026-02-18T23:53:00.587-0700 [DEBUG] [org.gradle.launcher.daemon.server.exec.LogToClient] About to start relaying all 
logs to the client via the connection.
2026-02-18T23:53:00.588-0700 [INFO] [org.gradle.launcher.daemon.server.exec.LogToClient] The client will now receive 
all logging from the daemon (pid: 47200). The daemon log file: 
C:\Users\AuraF\.gradle\daemon\9.5.0-milestone-1\daemon-47200.out.log
2026-02-18T23:53:00.601-0700 [INFO] [org.gradle.launcher.daemon.server.exec.LogAndCheckHealth] Starting 8th build in 
daemon [uptime: 1 hrs 6 mins 33.4 secs, performance: 98%, GC rate: 0.00/s, heap usage: 0% of 10 GiB]
2026-02-18T23:53:00.603-0700 [DEBUG] [org.gradle.launcher.daemon.server.exec.ExecuteBuild] The daemon has started 
executing the build.
2026-02-18T23:53:00.604-0700 [DEBUG] [org.gradle.launcher.daemon.server.exec.ExecuteBuild] Executing build with daemon 
context: DefaultDaemonContext[uid=76185a2b-968e-49db-bd44-dcd633fc9381,javaHome=C:\Users\AuraF\.gradle\jdks\eclipse_ado
ptium-25-amd64-windows.2,javaVersion=25,javaVendor=Eclipse Adoptium,daemonRegistryDir=C:\Users\AuraF\.gradle\daemon,pid
=47200,idleTimeout=10800000,priority=NORMAL,applyInstrumentationAgent=true,nativeServicesMode=ENABLED,daemonOpts=-Xmx10
g,-Dfile.encoding=UTF-8,-Duser.country=US,-Duser.language=en,-Duser.variant]
Calculating task graph as configuration cache cannot be reused because the file system entry 
'.gradle\configuration-cache\ac67599e-b603-48b7-9c6f-73e3fbef1513\buildfingerprint7749126095597246001.tmp' has been 
removed.----- End of the daemon log -----

JVM crash log found: file:///C:/Users/AuraF/Documents/ReGenesisExodus/hs_err_pid47200.log

FAILURE: Build failed with an exception.

* What went wrong:
Gradle build daemon disappeared unexpectedly (it may have been killed or may have crashed)

* Try:
> Run with --stacktrace option to get the stack trace.
> Run with --info or --debug option to get more log output.
> Run with --scan to get full insights from a Build Scan (powered by Develocity).
> Get more help at https://help.gradle.org.
